Bad Equality[0] = StructuralEqualityAssessor.Test.Examples.LookUpMixedClasses.BadEqualityClass
