result[0] = { someByte: 1, someChar: 'A', SomeNumber: 0, SomeString: "A string" }
