result[0] = { someByte: 1, someChar: 'A', SomeNumber: 1, SomeString: null }
