results[0] = Int32 SomeNumber => { Populated: 1, Empty: [0] }
