{ someByte: 1, someChar: 'A', SomeNumber: 0, SomeString: null }