{ Thing: null, Thing2: null, aString: "A string", aChar: 'A' }